// Jest Snapshot v1, https://goo.gl/fbAQLP

exports[`Create User Page renders correctly 1`] = `ShallowWrapper {}`;
