// Jest Snapshot v1, https://goo.gl/fbAQLP

exports[`Edit profile renders correctly 1`] = `ShallowWrapper {}`;
