// Jest Snapshot v1, https://goo.gl/fbAQLP

exports[`Job Application renders correctly 1`] = `ShallowWrapper {}`;
